[fvdthemes.com/html/dentalclinic/index.html]
[backblue.gif]
[fade.gif]
[index.html]
[fvdthemes.com/html/dentalclinic/images/favicon.ico]
[fvdthemes.com/html/dentalclinic/css/master.css]
[fvdthemes.com/html/dentalclinic/images/preloader.gif]
[fvdthemes.com/html/dentalclinic/images/logo.svg]
[fvdthemes.com/html/dentalclinic/about.html]
[fvdthemes.com/html/dentalclinic/services.html]
[fvdthemes.com/html/dentalclinic/doctors.html]
[fvdthemes.com/html/dentalclinic/doctor.html]
[fvdthemes.com/html/dentalclinic/blog1.html]
[fvdthemes.com/html/dentalclinic/blog2.html]
[fvdthemes.com/html/dentalclinic/blog3.html]
[fvdthemes.com/html/dentalclinic/blog4.html]
[fvdthemes.com/html/dentalclinic/blog_item.html]
[fvdthemes.com/html/dentalclinic/blog_item2.html]
[fvdthemes.com/html/dentalclinic/gallery1.html]
[fvdthemes.com/html/dentalclinic/gallery2.html]
[fvdthemes.com/html/dentalclinic/prices.html]
[fvdthemes.com/html/dentalclinic/timetable.html]
[fvdthemes.com/html/dentalclinic/payment.html]
[fvdthemes.com/html/dentalclinic/404.html]
[fvdthemes.com/html/dentalclinic/contacts.html]
[fvdthemes.com/html/dentalclinic/css/images/blank.gif]
[fvdthemes.com/html/dentalclinic/images/slide_01.jpg]
[fvdthemes.com/html/dentalclinic/images/slide_02.jpg]
[fvdthemes.com/html/dentalclinic/images/slide_03.jpg]
[fvdthemes.com/html/dentalclinic/images/cert1-b.jpg]
[fvdthemes.com/html/dentalclinic/images/cert1.jpg]
[fvdthemes.com/html/dentalclinic/images/cert2-b.jpg]
[fvdthemes.com/html/dentalclinic/images/cert2.jpg]
[fvdthemes.com/html/dentalclinic/images/cert3-b.jpg]
[fvdthemes.com/html/dentalclinic/images/cert3.jpg]
[fvdthemes.com/html/dentalclinic/images/cert4-b.jpg]
[fvdthemes.com/html/dentalclinic/images/cert4.jpg]
[fvdthemes.com/html/dentalclinic/images/cert5-b.jpg]
[fvdthemes.com/html/dentalclinic/images/cert5.jpg]
[fvdthemes.com/html/dentalclinic/images/doctor1.jpg]
[fvdthemes.com/html/dentalclinic/images/doctor2.jpg]
[fvdthemes.com/html/dentalclinic/images/doctor3.jpg]
[fvdthemes.com/html/dentalclinic/images/doctor4.jpg]
[fvdthemes.com/html/dentalclinic/images/doctor5.jpg]
[fvdthemes.com/html/dentalclinic/images/quote.png]
[fvdthemes.com/html/dentalclinic/images/stories1.jpg]
[fvdthemes.com/html/dentalclinic/images/stories2.jpg]
[fvdthemes.com/html/dentalclinic/images/stories3.jpg]
[fvdthemes.com/html/dentalclinic/images/stories4.jpg]
[fvdthemes.com/html/dentalclinic/images/review1.jpg]
[fvdthemes.com/html/dentalclinic/images/review2.jpg]
[fvdthemes.com/html/dentalclinic/images/review3.jpg]
[fvdthemes.com/html/dentalclinic/images/review4.jpg]
[fvdthemes.com/html/dentalclinic/images/blog1.jpg]
[fvdthemes.com/html/dentalclinic/images/blog2.jpg]
[fvdthemes.com/html/dentalclinic/images/blog3.jpg]
[fvdthemes.com/html/dentalclinic/images/blog_author1.jpg]
[fvdthemes.com/html/dentalclinic/images/blog_author2.jpg]
[fvdthemes.com/html/dentalclinic/images/blog_author3.jpg]
[fvdthemes.com/html/dentalclinic/images/blog_author4.jpg]
[fvdthemes.com/html/dentalclinic/images/blog_author5.jpg]
[fvdthemes.com/html/dentalclinic/images/blog_author6.jpg]
[fvdthemes.com/html/dentalclinic/images/clients1.jpg]
[fvdthemes.com/html/dentalclinic/images/clients2.jpg]
[fvdthemes.com/html/dentalclinic/images/clients3.jpg]
[fvdthemes.com/html/dentalclinic/images/clients4.jpg]
[fvdthemes.com/html/dentalclinic/images/clients5.jpg]
[fvdthemes.com/html/dentalclinic/images/clock.png]
[fvdthemes.com/html/dentalclinic/css/responsive.css]
[fvdthemes.com/html/dentalclinic/js/jquery-2.2.0.min.js]
[fvdthemes.com/html/dentalclinic/js/bootstrap.min.js]
[fvdthemes.com/html/dentalclinic/js/jquery.sliderPro.min.js]
[fvdthemes.com/html/dentalclinic/js/jquery.fancybox.pack.js]
[fvdthemes.com/html/dentalclinic/js/owl.carousel.js]
[fvdthemes.com/html/dentalclinic/js/jquery.barrating.min.js]
[fvdthemes.com/html/dentalclinic/js/isotope.pkgd.min.js]
[fvdthemes.com/html/dentalclinic/js/scrollspy.js]
[fvdthemes.com/html/dentalclinic/js/moment.js]
[fvdthemes.com/html/dentalclinic/js/bootstrap-datetimepicker.min.js]
[fvdthemes.com/html/dentalclinic/js/jquery.form-validator.js]
[fvdthemes.com/html/dentalclinic/js/jquery.selectBox.js]
[fvdthemes.com/html/dentalclinic/js/jquery.matchHeight.js]
[fvdthemes.com/html/dentalclinic/js/imagesloaded.pkgd.min.js]
[fvdthemes.com/html/dentalclinic/js/theme.js]
[www.google-analytics.com/analytics.js]
[fvdthemes.com/html/dentalclinic/index.html]
[fvdthemes.com/html/dentalclinic/images/apple-touch-icon.html]
[fvdthemes.com/html/dentalclinic/images/apple-touch-icon-72x72.html]
[fvdthemes.com/html/dentalclinic/images/apple-touch-icon-114x114.html]
[fvdthemes.com/html/dentalclinic/css/bootstrap.css]
[fvdthemes.com/html/dentalclinic/css/animate.css]
[fvdthemes.com/html/dentalclinic/assets/font-awesome/css/font-awesome.min.css]
[fvdthemes.com/html/dentalclinic/assets/flaticon/flaticon.css]
[fvdthemes.com/html/dentalclinic/css/slider-pro.min.css]
[fvdthemes.com/html/dentalclinic/css/jquery.fancybox.css]
[fvdthemes.com/html/dentalclinic/css/owl.carousel.css]
[fvdthemes.com/html/dentalclinic/css/owl.theme.css]
[fvdthemes.com/html/dentalclinic/css/owl.transitions.css]
[fvdthemes.com/html/dentalclinic/css/bootstrap-datetimepicker.css]
[fvdthemes.com/html/dentalclinic/css/jquery.selectBox.css]
[fvdthemes.com/html/dentalclinic/css/fontawesome-stars-o.css]
[fvdthemes.com/html/dentalclinic/css/master.css]
[fvdthemes.com/html/dentalclinic/images/logo.svg]
[fvdthemes.com/html/dentalclinic/css/theme.css]
[fvdthemes.com/html/dentalclinic/images/history1.jpg]
[fvdthemes.com/html/dentalclinic/images/history2.jpg]
[fvdthemes.com/html/dentalclinic/images/history3.jpg]
[fvdthemes.com/html/dentalclinic/images/history4.jpg]
[fvdthemes.com/html/dentalclinic/images/review5.jpg]
[fvdthemes.com/html/dentalclinic/images/review6.jpg]
[fvdthemes.com/html/dentalclinic/about.html]
[fvdthemes.com/html/dentalclinic/images/serv1.jpg]
[fvdthemes.com/html/dentalclinic/images/serv2.jpg]
[fvdthemes.com/html/dentalclinic/images/serv3.jpg]
[fvdthemes.com/html/dentalclinic/services.html]
[fvdthemes.com/html/dentalclinic/images/doctortext.jpg]
[fvdthemes.com/html/dentalclinic/doctors.html]
[fvdthemes.com/html/dentalclinic/doctor.html]
[fvdthemes.com/html/dentalclinic/images/blog4.jpg]
[fvdthemes.com/html/dentalclinic/images/blog5.jpg]
[fvdthemes.com/html/dentalclinic/images/blog6.jpg]
[fvdthemes.com/html/dentalclinic/blog1.html]
[fvdthemes.com/html/dentalclinic/blog2.html]
[fvdthemes.com/html/dentalclinic/images/blog9.jpg]
[fvdthemes.com/html/dentalclinic/blog3.html]
[fvdthemes.com/html/dentalclinic/images/blog7.jpg]
[fvdthemes.com/html/dentalclinic/images/blog8.jpg]
[fvdthemes.com/html/dentalclinic/blog4.html]
[fvdthemes.com/html/dentalclinic/images/carousel1.jpg]
[fvdthemes.com/html/dentalclinic/images/comav3.jpg]
[fvdthemes.com/html/dentalclinic/blog_item.html]
[fvdthemes.com/html/dentalclinic/blog_item2.html]
[fvdthemes.com/html/dentalclinic/images/gallery1.jpg]
[fvdthemes.com/html/dentalclinic/images/gallery2.jpg]
[fvdthemes.com/html/dentalclinic/images/gallery6.jpg]
[fvdthemes.com/html/dentalclinic/images/gallery4.jpg]
[fvdthemes.com/html/dentalclinic/images/gallery3.jpg]
[fvdthemes.com/html/dentalclinic/images/gallery5.jpg]
[fvdthemes.com/html/dentalclinic/gallery1.html]
[fvdthemes.com/html/dentalclinic/images/gallery7_b.jpg]
[fvdthemes.com/html/dentalclinic/images/gallery7_a.jpg]
[fvdthemes.com/html/dentalclinic/images/gallery8_b.jpg]
[fvdthemes.com/html/dentalclinic/images/gallery8_a.jpg]
[fvdthemes.com/html/dentalclinic/images/gallery9_b.jpg]
[fvdthemes.com/html/dentalclinic/images/gallery9_a.jpg]
[fvdthemes.com/html/dentalclinic/images/gallery10_b.jpg]
[fvdthemes.com/html/dentalclinic/images/gallery10_a.jpg]
[fvdthemes.com/html/dentalclinic/gallery2.html]
[fvdthemes.com/html/dentalclinic/images/price1.jpg]
[fvdthemes.com/html/dentalclinic/images/price2.jpg]
[fvdthemes.com/html/dentalclinic/prices.html]
[fvdthemes.com/html/dentalclinic/timetable.html]
[fvdthemes.com/html/dentalclinic/images/payment.jpg]
[fvdthemes.com/html/dentalclinic/images/credit_card_logos.gif]
[fvdthemes.com/html/dentalclinic/payment.html]
[fvdthemes.com/html/dentalclinic/404.html]
[fvdthemes.com/html/dentalclinic/contacts.html]
[fvdthemes.com/html/dentalclinic/css/responsive.css]
[fvdthemes.com/html/dentalclinic/js/jquery-2.2.0.min.js]
[fvdthemes.com/html/dentalclinic/js/bootstrap.min.js]
[a.vimeocdn.com/js/froogaloop2.min.js]
[fvdthemes.com/html/dentalclinic/js/jquery.sliderPro.min.js]
[fvdthemes.com/html/dentalclinic/js/jquery.fancybox.pack.js]
[fvdthemes.com/html/dentalclinic/js/owl.carousel.js]
[fvdthemes.com/html/dentalclinic/js/jquery.barrating.min.js]
[fvdthemes.com/html/dentalclinic/js/isotope.pkgd.min.js]
[fvdthemes.com/html/dentalclinic/js/scrollspy.js]
[fvdthemes.com/html/dentalclinic/js/moment.js]
[fvdthemes.com/html/dentalclinic/js/bootstrap-datetimepicker.min.js]
[fvdthemes.com/html/dentalclinic/js/jquery.form-validator.js]
[fvdthemes.com/html/dentalclinic/js/jquery.selectBox.js]
[fvdthemes.com/html/dentalclinic/js/jquery.matchHeight.js]
[fvdthemes.com/html/dentalclinic/js/jquery.form.html]
[fvdthemes.com/html/dentalclinic/js/imagesloaded.pkgd.min.js]
[fvdthemes.com/html/dentalclinic/isDSTShifted is deprecated. See http_/momentjs.com/guides/index.html]
[fvdthemes.com/html/dentalclinic/specified parentLocale is not defined yet. See http_/momentjs.com/guides/index.html]
[fvdthemes.com/html/dentalclinic/images/marker.png]
[fvdthemes.com/html/dentalclinic/js/theme.js]
[fvdthemes.com/html/dentalclinic/css/bootstrap.css]
[fvdthemes.com/html/dentalclinic/css/animate.css]
[fvdthemes.com/html/dentalclinic/assets/font-awesome/fonts/fontawesome-webfont5b62.eot]
[fvdthemes.com/html/dentalclinic/assets/font-awesome/fonts/fontawesome-webfontd41d.eot]
[fvdthemes.com/html/dentalclinic/assets/font-awesome/fonts/fontawesome-webfont5b62.woff2]
[fvdthemes.com/html/dentalclinic/assets/font-awesome/fonts/fontawesome-webfont5b62.woff]
[fvdthemes.com/html/dentalclinic/assets/font-awesome/fonts/fontawesome-webfont5b62.ttf]
[fvdthemes.com/html/dentalclinic/assets/font-awesome/css/font-awesome.min.css]
[fvdthemes.com/html/dentalclinic/assets/font-awesome/fonts/fontawesome-webfont5b62.svg]
[fvdthemes.com/html/dentalclinic/assets/flaticon/flaticon.eot]
[fvdthemes.com/html/dentalclinic/assets/flaticon/flaticon.woff]
[fvdthemes.com/html/dentalclinic/assets/flaticon/flaticon.ttf]
[fvdthemes.com/html/dentalclinic/assets/flaticon/flaticon.svg]
[fvdthemes.com/html/dentalclinic/assets/flaticon/flaticon.css]
[fvdthemes.com/html/dentalclinic/css/slider-pro.min.css]
[fvdthemes.com/html/dentalclinic/css/fancybox_sprite.png]
[fvdthemes.com/html/dentalclinic/css/fancybox_loading.gif]
[fvdthemes.com/html/dentalclinic/css/blank.gif]
[fvdthemes.com/html/dentalclinic/css/fancybox_overlay.png]
[fvdthemes.com/html/dentalclinic/css/fancybox_sprite@2x.png]
[fvdthemes.com/html/dentalclinic/css/fancybox_loading@2x.gif]
[fvdthemes.com/html/dentalclinic/css/jquery.fancybox.css]
[fvdthemes.com/html/dentalclinic/css/owl.carousel.css]
[fvdthemes.com/html/dentalclinic/css/owl.theme.css]
[fvdthemes.com/html/dentalclinic/css/owl.transitions.css]
[fvdthemes.com/html/dentalclinic/css/bootstrap-datetimepicker.css]
[fvdthemes.com/html/dentalclinic/css/jquery.selectBox.css]
[fvdthemes.com/html/dentalclinic/css/fontawesome-stars-o.css]
[fvdthemes.com/html/dentalclinic/images/bg_pattern_wt_transp2.png]
[fvdthemes.com/html/dentalclinic/images/menubg.jpg]
[fvdthemes.com/html/dentalclinic/images/about-bg.jpg]
[fvdthemes.com/html/dentalclinic/images/book_bg.jpg]
[fvdthemes.com/html/dentalclinic/images/numbers-bg.jpg]
[fvdthemes.com/html/dentalclinic/images/bg_pattern_faq.png]
[fvdthemes.com/html/dentalclinic/images/title_img_bg_about.jpg]
[fvdthemes.com/html/dentalclinic/images/title_img_bg_services.jpg]
[fvdthemes.com/html/dentalclinic/images/title_img_bg_blog.jpg]
[fvdthemes.com/html/dentalclinic/images/title_img_bg_contact.jpg]
[fvdthemes.com/html/dentalclinic/images/title_img_bg_doctor.jpg]
[fvdthemes.com/html/dentalclinic/images/title_img_bg_gallery.jpg]
[fvdthemes.com/html/dentalclinic/images/title_img_bg_gallery2.jpg]
[fvdthemes.com/html/dentalclinic/images/title_img_bg_price.jpg]
[fvdthemes.com/html/dentalclinic/images/title_img_bg_timetable.jpg]
[fvdthemes.com/html/dentalclinic/images/bread-separ.png]
[fvdthemes.com/html/dentalclinic/images/bg_pattern_faq_dark.png]
[fvdthemes.com/html/dentalclinic/images/404_blue.png]
[fvdthemes.com/html/dentalclinic/css/theme.css]
[fvdthemes.com/html/dentalclinic/Popover requires tooltip.html]
[fvdthemes.com/html/dentalclinic/specified parentLocale is not defined yet. See http_/momentjs.com/guides/index.html]
[fvdthemes.com/html/dentalclinic/isDSTShifted is deprecated. See http_/momentjs.com/guides/index.html]
[fvdthemes.com/html/dentalclinic/fonts/glyphicons-halflings-regular.html]
[fvdthemes.com/html/dentalclinic/fonts/glyphicons-halflings-regulard41d.html]
[fvdthemes.com/html/dentalclinic/fonts/glyphicons-halflings-regular-2.html]
[fvdthemes.com/html/dentalclinic/fonts/glyphicons-halflings-regular-3.html]
[fvdthemes.com/html/dentalclinic/fonts/glyphicons-halflings-regular-4.html]
[fvdthemes.com/html/dentalclinic/fonts/glyphicons-halflings-regular-5.html]
[fvdthemes.com/html/dentalclinic/assets/font-awesome/fonts/fontawesome-webfont5b62.svg]
[fvdthemes.com/html/dentalclinic/assets/flaticon/flaticon.svg]
[fvdthemes.com/html/dentalclinic/assets/flaticon/Flaticon.html]
[fvdthemes.com/html/dentalclinic/css/images/openhand.html]
[fvdthemes.com/html/dentalclinic/css/images/closedhand.html]
[fvdthemes.com/html/dentalclinic/css/grabbing.html]
[fvdthemes.com/html/dentalclinic/css/AjaxLoader.html]
